02-27 21:39:36.921 W/ReactNativeJS(24589): '[SafeStorage] MMKV initialization failed. Falling back to AsyncStorage (Internal mode).', { request_id: 'safe-storage-mm4vq4zu',
02-27 21:39:36.921 W/ReactNativeJS(24589):   user_id: 'unknown',
02-27 21:39:36.921 W/ReactNativeJS(24589):   hint: 'MMKV native module unavailable in current runtime.',
02-27 21:39:36.921 W/ReactNativeJS(24589):   error: 'Failed to create a new MMKV instance: React Native is not running on-device. MMKV can only be used when synchronous method invocations (JSI) are possible. If you are using a remote debugger (e.g. Chrome), switch to an on-device debugger (e.g. Flipper) instead.' }, { [Stack] name: 'Stack' }
02-27 22:13:18.202 W/ReactNativeJS(26504): '[SafeStorage] MMKV initialization failed. Falling back to AsyncStorage (Internal mode).', { request_id: 'safe-storage-mm4wxivw',
02-27 22:13:18.202 W/ReactNativeJS(26504):   user_id: 'unknown',
02-27 22:13:18.202 W/ReactNativeJS(26504):   hint: 'MMKV native module unavailable in current runtime.',
02-27 22:13:18.202 W/ReactNativeJS(26504):   error: 'Failed to create a new MMKV instance: React Native is not running on-device. MMKV can only be used when synchronous method invocations (JSI) are possible. If you are using a remote debugger (e.g. Chrome), switch to an on-device debugger (e.g. Flipper) instead.' }
02-27 22:15:44.683 I/ActivityTaskManager( 1059): START u0 {act=android.intent.action.VIEW cat=[android.intent.category.BROWSABLE] dat=foodlens://oauth/google-callback?request_id=20c83afe841e&code=4/0AfrIepAP1ZI55IkW8emKa7Bevoz1cItIE45xSpGI70B7ty3t9VhmKPG9ahuQ--2TVQxxXw&state=d8ba1ef7cb97b136.Zm9vZGxlbnM6Ly9vYXV0aC9nb29nbGUtY2FsbGJhY2s flg=0x14000000 cmp=com.hoihou.foodlens/.MainActivity (has extras)} from uid 10223
02-27 22:38:28.108 W/ReactNativeJS(29469): '[SafeStorage] MMKV initialization failed. Falling back to AsyncStorage (Internal mode).', { request_id: 'safe-storage-mm4xtvy6',
02-27 22:38:28.108 W/ReactNativeJS(29469):   user_id: 'unknown',
02-27 22:38:28.108 W/ReactNativeJS(29469):   hint: 'MMKV native module unavailable in current runtime.',
02-27 22:38:28.108 W/ReactNativeJS(29469):   error: 'Failed to create a new MMKV instance: React Native is not running on-device. MMKV can only be used when synchronous method invocations (JSI) are possible. If you are using a remote debugger (e.g. Chrome), switch to an on-device debugger (e.g. Flipper) instead.' }
02-27 22:38:38.040 I/ActivityTaskManager( 1059): START u0 {act=android.intent.action.VIEW cat=[android.intent.category.BROWSABLE] dat=foodlens://oauth/google-callback?request_id=a9a09c06d342&code=4/0AfrIepBLYpPxdCeAMek-ak45BKK0laK1qYbWb14kbnR4ff0Z5EIWLqIrkXhjbOcNu3fiyw&state=6c14cca36c691125.Zm9vZGxlbnM6Ly9vYXV0aC9nb29nbGUtY2FsbGJhY2s flg=0x14000000 cmp=com.hoihou.foodlens/.MainActivity (has extras)} from uid 10223
02-27 22:49:59.662 W/ReactNativeJS(30922): '[SafeStorage] MMKV initialization failed. Falling back to AsyncStorage (Internal mode).', { request_id: 'safe-storage-mm4y8pji',
02-27 22:49:59.662 W/ReactNativeJS(30922):   user_id: 'unknown',
02-27 22:49:59.662 W/ReactNativeJS(30922):   hint: 'MMKV native module unavailable in current runtime.',
02-27 22:49:59.662 W/ReactNativeJS(30922):   error: 'Failed to create a new MMKV instance: React Native is not running on-device. MMKV can only be used when synchronous method invocations (JSI) are possible. If you are using a remote debugger (e.g. Chrome), switch to an on-device debugger (e.g. Flipper) instead.' }
02-27 22:50:11.343 I/ActivityTaskManager( 1059): START u0 {act=android.intent.action.VIEW cat=[android.intent.category.BROWSABLE] dat=foodlens://oauth/google-callback?request_id=c95d2fc6a718&code=4/0AfrIepDGoyk2A3RlpxX7jMQlaIlZ5x2cff6pgoYN88XFsLDOwxfYG0LPaCpbGWMPTmSfSg&state=26c935ca73b17084.Zm9vZGxlbnM6Ly9vYXV0aC9nb29nbGUtY2FsbGJhY2s flg=0x14000000 cmp=com.hoihou.foodlens/.MainActivity (has extras)} from uid 10223
02-27 22:52:41.893 W/ReactNativeJS(32552): '[SafeStorage] MMKV initialization failed. Falling back to AsyncStorage (Internal mode).', { request_id: 'safe-storage-mm4yc6py',
02-27 22:52:41.893 W/ReactNativeJS(32552):   user_id: 'unknown',
02-27 22:52:41.893 W/ReactNativeJS(32552):   hint: 'MMKV native module unavailable in current runtime.',
02-27 22:52:41.893 W/ReactNativeJS(32552):   error: 'Failed to create a new MMKV instance: React Native is not running on-device. MMKV can only be used when synchronous method invocations (JSI) are possible. If you are using a remote debugger (e.g. Chrome), switch to an on-device debugger (e.g. Flipper) instead.' }
02-27 22:52:55.705 I/ActivityTaskManager( 1059): START u0 {act=android.intent.action.VIEW cat=[android.intent.category.BROWSABLE] dat=foodlens://oauth/google-callback?request_id=8ad50dd2bdbb&code=4/0AfrIepBQgiu1-0M2IRauu-5ay2kK6r30S21bP-dGq1PLTiMyeugwiSWLCHxSWHiD6Yvh7w&state=1abfe6a105ee9302.Zm9vZGxlbnM6Ly9vYXV0aC9nb29nbGUtY2FsbGJhY2s flg=0x14000000 cmp=com.hoihou.foodlens/.MainActivity (has extras)} from uid 10223
02-27 23:13:11.141 I/keystore2(  484): keystore2::authorization: on_lock_screen_event(LockScreenEvent(1), user_id=0, password.is_some()=false, unlocking_sids=Some([]))
02-27 23:20:03.779 I/keystore2(  484): keystore2::authorization: on_lock_screen_event(LockScreenEvent(0), user_id=0, password.is_some()=true, unlocking_sids=None)
02-27 23:20:03.999 I/keystore2(  484): keystore2::authorization: on_lock_screen_event(LockScreenEvent(0), user_id=0, password.is_some()=false, unlocking_sids=Some([]))
02-27 23:20:10.628 W/ReactNativeJS( 2826): '[SafeStorage] MMKV initialization failed. Falling back to AsyncStorage (Internal mode).', { request_id: 'safe-storage-mm4zbiw8',
02-27 23:20:10.628 W/ReactNativeJS( 2826):   user_id: 'unknown',
02-27 23:20:10.628 W/ReactNativeJS( 2826):   hint: 'MMKV native module unavailable in current runtime.',
02-27 23:20:10.628 W/ReactNativeJS( 2826):   error: 'Failed to create a new MMKV instance: React Native is not running on-device. MMKV can only be used when synchronous method invocations (JSI) are possible. If you are using a remote debugger (e.g. Chrome), switch to an on-device debugger (e.g. Flipper) instead.' }
02-27 23:20:20.501 I/ActivityTaskManager( 1059): START u0 {act=android.intent.action.VIEW cat=[android.intent.category.BROWSABLE] dat=foodlens://oauth/google-callback?request_id=ac4950dcf0a0&code=4/0AfrIepDM8KxePH7QfOK02lphEUwzfZ6D3acj8b55pUVdrDhBku8EI4k__ShHyh0xiz9HqA&state=4acf4aac48d945d6.Zm9vZGxlbnM6Ly9vYXV0aC9nb29nbGUtY2FsbGJhY2s flg=0x14000000 cmp=com.hoihou.foodlens/.MainActivity (has extras)} from uid 10223
02-27 23:20:31.933 W/chromium(25243): [WARNING:components/sync/engine/syncer_proto_util.cc:430] Error posting from syncer: Response Code (bogus on error): 401 Content-Length (bogus on error): 5 Server Status: SYNC_AUTH_ERROR
02-27 23:23:29.701 W/ReactNativeJS( 3838): '[SafeStorage] MMKV initialization failed. Falling back to AsyncStorage (Internal mode).', { request_id: 'safe-storage-mm4zfsia',
02-27 23:23:29.701 W/ReactNativeJS( 3838):   user_id: 'unknown',
02-27 23:23:29.701 W/ReactNativeJS( 3838):   hint: 'MMKV native module unavailable in current runtime.',
02-27 23:23:29.701 W/ReactNativeJS( 3838):   error: 'Failed to create a new MMKV instance: React Native is not running on-device. MMKV can only be used when synchronous method invocations (JSI) are possible. If you are using a remote debugger (e.g. Chrome), switch to an on-device debugger (e.g. Flipper) instead.' }
02-27 23:23:42.517 I/ActivityTaskManager( 1059): START u0 {act=android.intent.action.VIEW cat=[android.intent.category.BROWSABLE] dat=foodlens://oauth/google-callback?request_id=1e9486134f2b&code=4/0AfrIepDckiWnMN4bIEO-eB7Ixg5SBuVkWhkecQNsFV4mr3wsBT8gzmRe8yYmJWbnPtFgrA&state=5ed0617be251404e.Zm9vZGxlbnM6Ly9vYXV0aC9nb29nbGUtY2FsbGJhY2s flg=0x14000000 cmp=com.hoihou.foodlens/.MainActivity (has extras)} from uid 10223
02-27 23:23:55.161 I/ActivityTaskManager( 1059): START u0 {act=android.intent.action.VIEW cat=[android.intent.category.BROWSABLE] dat=foodlens://oauth/google-callback?request_id=c74ffe9487be&code=4/0AfrIepD5KGMRlzIxOJYFA3Usmm3UJozAFZAKlIwClJcEMNIec3GrrjBfc4olKSRGr7VkMg&state=999594fdf232a251.Zm9vZGxlbnM6Ly9vYXV0aC9nb29nbGUtY2FsbGJhY2s flg=0x14000000 cmp=com.hoihou.foodlens/.MainActivity (has extras)} from uid 10223
02-27 23:34:03.375 I/keystore2(  484): keystore2::authorization: on_lock_screen_event(LockScreenEvent(1), user_id=0, password.is_some()=false, unlocking_sids=Some([]))
02-27 23:39:29.992 I/keystore2(  484): keystore2::authorization: on_lock_screen_event(LockScreenEvent(0), user_id=0, password.is_some()=true, unlocking_sids=None)
02-27 23:39:30.204 I/keystore2(  484): keystore2::authorization: on_lock_screen_event(LockScreenEvent(0), user_id=0, password.is_some()=false, unlocking_sids=Some([]))
02-27 23:40:35.663 W/ReactNativeJS( 5986): '[SafeStorage] MMKV initialization failed. Falling back to AsyncStorage (Internal mode).', { request_id: 'safe-storage-mm501s4w',
02-27 23:40:35.663 W/ReactNativeJS( 5986):   user_id: 'unknown',
02-27 23:40:35.663 W/ReactNativeJS( 5986):   hint: 'MMKV native module unavailable in current runtime.',
02-27 23:40:35.663 W/ReactNativeJS( 5986):   error: 'Failed to create a new MMKV instance: React Native is not running on-device. MMKV can only be used when synchronous method invocations (JSI) are possible. If you are using a remote debugger (e.g. Chrome), switch to an on-device debugger (e.g. Flipper) instead.' }
02-27 23:42:09.021 I/ActivityTaskManager( 1059): START u0 {act=android.intent.action.VIEW cat=[android.intent.category.BROWSABLE] dat=foodlens://oauth/google-callback?request_id=ef0ea844e7f3&code=4/0AfrIepD2pY8BMnT2-0wSFy5pSR_C68YGA1aFhTa9VaFlP6oaCLrBqTZaQDPcY5GR7-Zo7g&state=3b9453b6fdaa8e9a.Zm9vZGxlbnM6Ly9vYXV0aC9nb29nbGUtY2FsbGJhY2s flg=0x14000000 cmp=com.hoihou.foodlens/.MainActivity (has extras)} from uid 10223
02-27 23:45:59.128 W/ReactNativeJS( 8779): '[SafeStorage] MMKV initialization failed. Falling back to AsyncStorage (Internal mode).', { request_id: 'safe-storage-mm508pq7',
02-27 23:45:59.128 W/ReactNativeJS( 8779):   user_id: 'unknown',
02-27 23:45:59.128 W/ReactNativeJS( 8779):   hint: 'MMKV native module unavailable in current runtime.',
02-27 23:45:59.128 W/ReactNativeJS( 8779):   error: 'Failed to create a new MMKV instance: React Native is not running on-device. MMKV can only be used when synchronous method invocations (JSI) are possible. If you are using a remote debugger (e.g. Chrome), switch to an on-device debugger (e.g. Flipper) instead.' }
02-27 23:46:14.517 I/ActivityTaskManager( 1059): START u0 {act=android.intent.action.VIEW cat=[android.intent.category.BROWSABLE] dat=foodlens://oauth/google-callback?request_id=3b72489db5f7&code=4/0AfrIepDHpKJyWk5dbcg526_3GFRlrHhU1ca4wm0CSI2aeWeYWkf0ps9KOG9Ep6KwWPCBFg&state=d307e3e2b9806f33.Zm9vZGxlbnM6Ly9vYXV0aC9nb29nbGUtY2FsbGJhY2s flg=0x14000000 cmp=com.hoihou.foodlens/.MainActivity (has extras)} from uid 10223
02-27 23:47:51.115 I/ActivityTaskManager( 1059): START u0 {act=android.intent.action.VIEW cat=[android.intent.category.BROWSABLE] dat=foodlens://oauth/google-callback?request_id=c3bf0bbb480b&code=4/0AfrIepBC8OSM-9QFl81mNIhcVh9IyYYSvEBZFxPW3H-nLXootaxxdpy5c4UCUksCg6Qw1A&state=804c9e404ca8579c.Zm9vZGxlbnM6Ly9vYXV0aC9nb29nbGUtY2FsbGJhY2s flg=0x14000000 cmp=com.hoihou.foodlens/.MainActivity (has extras)} from uid 10223
02-27 23:49:48.004 W/ReactNativeJS(10719): '[SafeStorage] MMKV initialization failed. Falling back to AsyncStorage (Internal mode).', { request_id: 'safe-storage-mm50dmc7',
02-27 23:49:48.004 W/ReactNativeJS(10719):   user_id: 'unknown',
02-27 23:49:48.004 W/ReactNativeJS(10719):   hint: 'MMKV native module unavailable in current runtime.',
02-27 23:49:48.004 W/ReactNativeJS(10719):   error: 'Failed to create a new MMKV instance: React Native is not running on-device. MMKV can only be used when synchronous method invocations (JSI) are possible. If you are using a remote debugger (e.g. Chrome), switch to an on-device debugger (e.g. Flipper) instead.' }
02-27 23:49:57.603 I/ActivityTaskManager( 1059): START u0 {act=android.intent.action.VIEW cat=[android.intent.category.BROWSABLE] dat=foodlens://oauth/google-callback?request_id=4ff2a1dca698&code=4/0AfrIepAdM2AfVulwtI_l7vgN-UDHAi9E_N19MebH9-sJu8KjFkgqVnrGVJZLXOP0bsxPLQ&state=a42a3727ed641f64.Zm9vZGxlbnM6Ly9vYXV0aC9nb29nbGUtY2FsbGJhY2s flg=0x14000000 cmp=com.hoihou.foodlens/.MainActivity (has extras)} from uid 10223
02-27 23:57:16.295 I/ActivityTaskManager( 1059): START u0 {act=android.intent.action.VIEW cat=[android.intent.category.BROWSABLE] dat=foodlens://oauth/google-callback?request_id=2dbadd93d8b1&code=4/0AfrIepDqL8zlQo7bXmDBdnoJlD6xptStY5h0VSF-IMKWpiDHvsPYkIyQV7WJgJWQnXusEg&state=7b648aaf6ef73d38.Zm9vZGxlbnM6Ly9vYXV0aC9nb29nbGUtY2FsbGJhY2s flg=0x14000000 cmp=com.hoihou.foodlens/.MainActivity (has extras)} from uid 10223
02-28 00:05:06.981 W/ReactNativeJS(12724): '[SafeStorage] MMKV initialization failed. Falling back to AsyncStorage (Internal mode).', { request_id: 'safe-storage-mm50xbek',
02-28 00:05:06.981 W/ReactNativeJS(12724):   user_id: 'unknown',
02-28 00:05:06.981 W/ReactNativeJS(12724):   hint: 'MMKV native module unavailable in current runtime.',
02-28 00:05:06.981 W/ReactNativeJS(12724):   error: 'Failed to create a new MMKV instance: React Native is not running on-device. MMKV can only be used when synchronous method invocations (JSI) are possible. If you are using a remote debugger (e.g. Chrome), switch to an on-device debugger (e.g. Flipper) instead.' }
02-28 00:05:38.481 I/ActivityTaskManager( 1059): START u0 {act=android.intent.action.VIEW cat=[android.intent.category.BROWSABLE] dat=foodlens://oauth/google-callback?request_id=bbe5c025c2ba&code=4/0AfrIepBiiWoBKUcHICQrUzoczzMENozeBoFfQxglAnVG9ZgY7SwepoF1Q7WZkztvr5G7OA&state=652ffdaa0de1d2d9.Zm9vZGxlbnM6Ly9vYXV0aC9nb29nbGUtY2FsbGJhY2s flg=0x14000000 cmp=com.hoihou.foodlens/.MainActivity (has extras)} from uid 10223
